// Jest Snapshot v1, https://goo.gl/fbAQLP

exports[`should render Header correctly 1`] = `
<header>
  <h1>
    Expensifity
  </h1>
  <NavLink
    activeClassName="is-active"
    aria-current="page"
    exact={true}
    to="/"
  >
    Home Page
  </NavLink>
  <NavLink
    activeClassName="is-active"
    aria-current="page"
    exact={true}
    to="/create"
  >
    Create expense
  </NavLink>
  <NavLink
    activeClassName="is-active"
    aria-current="page"
    exact={true}
    to="/help"
  >
    Help Page
  </NavLink>
  <button
    onClick={[Function]}
  >
    Logout
  </button>
</header>
`;
